{
  "instrToOriginalMap": [
    [
      "155:1378:0",
      "0:133:0"
    ],
    [
      "940:85:0",
      "53:78:0"
    ],
    [
      "964:8:0",
      "65:8:0"
    ],
    [
      "965:6:0",
      "66:6:0"
    ],
    [
      "965:4:0",
      "66:4:0"
    ],
    [
      "989:6:0",
      "97:6:0"
    ],
    [
      "990:4:0",
      "98:4:0"
    ],
    [
      "990:4:0",
      "98:4:0"
    ],
    [
      "996:29:0",
      "104:27:0"
    ],
    [
      "1006:12:0",
      "114:10:0"
    ],
    [
      "1013:5:0",
      "121:3:0"
    ],
    [
      "1013:1:0",
      "121:1:0"
    ],
    [
      "1017:1:0",
      "123:1:0"
    ],
    [
      "1535:549:0",
      "0:15:1"
    ],
    [
      "2119:1688:0",
      "69:152:2"
    ],
    [
      "2161:1:0",
      "83:1:2"
    ],
    [
      "2161:1:0",
      "83:1:2"
    ],
    [
      "2164:1:0",
      "86:1:2"
    ],
    [
      "2164:1:0",
      "86:1:2"
    ],
    [
      "2979:85:0",
      "132:87:2"
    ],
    [
      "3003:8:0",
      "144:8:2"
    ],
    [
      "3004:6:0",
      "145:6:2"
    ],
    [
      "3004:4:0",
      "145:4:2"
    ],
    [
      "3028:6:0",
      "185:6:2"
    ],
    [
      "3029:4:0",
      "186:4:2"
    ],
    [
      "3029:4:0",
      "186:4:2"
    ],
    [
      "3035:29:0",
      "192:27:2"
    ],
    [
      "3045:12:0",
      "202:10:2"
    ],
    [
      "3052:5:0",
      "209:3:2"
    ],
    [
      "3052:1:0",
      "209:1:2"
    ],
    [
      "3056:1:0",
      "211:1:2"
    ],
    [
      "3809:682:0",
      "36:23:3"
    ],
    [
      "3851:1:0",
      "50:1:3"
    ],
    [
      "3851:1:0",
      "50:1:3"
    ],
    [
      "3854:1:0",
      "53:1:3"
    ],
    [
      "3854:1:0",
      "53:1:3"
    ],
    [
      "626:13:0",
      "23:25:0"
    ],
    [
      "2496:13:0",
      "23:25:0"
    ],
    [
      "3208:7:0",
      "41:27:2"
    ],
    [
      "2659:19:0",
      "100:27:2"
    ]
  ],
  "otherInstrumentation": [
    "112:38:0",
    "1312:46:0",
    "1402:34:0",
    "1446:35:0",
    "1491:33:0",
    "425:10:0",
    "586:26:0",
    "472:60:0",
    "542:34:0",
    "785:72:0",
    "867:60:0",
    "1863:46:0",
    "1953:34:0",
    "1997:35:0",
    "2042:33:0",
    "3474:46:0",
    "3530:46:0",
    "3586:46:0",
    "3676:34:0",
    "3720:35:0",
    "3765:33:0",
    "2295:10:0",
    "2456:26:0",
    "2342:60:0",
    "2412:34:0",
    "2824:72:0",
    "2906:60:0",
    "4158:46:0",
    "4214:46:0",
    "4270:46:0",
    "4360:34:0",
    "4404:35:0",
    "4449:33:0",
    "447:15:0",
    "2317:15:0"
  ],
  "propertyMap": [
    {
      "id": 0,
      "contract": "A",
      "filename": "test/multifile_samples/inheritance1/A.sol",
      "propertySource": "35:12:0",
      "annotationSource": "23:25:0",
      "target": "function",
      "targetName": "foo",
      "debugEventEncoding": [
        [
          [
            "46:1:0"
          ],
          "uint256"
        ]
      ],
      "message": "",
      "instrumentationRanges": [
        "696:42:0",
        "655:27:0",
        "622:154:0",
        "2566:42:0",
        "2525:27:0",
        "2492:154:0"
      ],
      "checkRanges": [
        "626:13:0",
        "2496:13:0"
      ],
      "assertionRanges": [
        "655:27:0",
        "696:42:0",
        "752:13:0",
        "2525:27:0",
        "2566:42:0",
        "2622:13:0"
      ]
    },
    {
      "id": 1,
      "contract": "C",
      "filename": "test/multifile_samples/inheritance1/C.sol",
      "propertySource": "63:4:2",
      "annotationSource": "41:27:2",
      "target": "contract",
      "targetName": "C",
      "debugEventEncoding": [],
      "message": "P1",
      "instrumentationRanges": [
        "3231:29:0",
        "3204:94:0"
      ],
      "checkRanges": [
        "3208:7:0"
      ],
      "assertionRanges": [
        "3231:29:0",
        "3274:13:0"
      ]
    },
    {
      "id": 2,
      "contract": "C",
      "filename": "test/multifile_samples/inheritance1/C.sol",
      "propertySource": "112:14:2",
      "annotationSource": "100:27:2",
      "target": "function",
      "targetName": "foo",
      "debugEventEncoding": [
        [
          [
            "123:1:0"
          ],
          "uint256"
        ]
      ],
      "message": "",
      "instrumentationRanges": [
        "2735:42:0",
        "2694:27:0",
        "2655:160:0"
      ],
      "checkRanges": [
        "2659:19:0"
      ],
      "assertionRanges": [
        "2694:27:0",
        "2735:42:0",
        "2791:13:0"
      ]
    }
  ],
  "originalSourceList": [
    "test/multifile_samples/inheritance1/A.sol",
    "test/multifile_samples/inheritance1/B.sol",
    "test/multifile_samples/inheritance1/C.sol",
    "test/multifile_samples/inheritance1/D.sol"
  ],
  "instrSourceList": [
    "--"
  ]
}
