{
  "instrToOriginalMap": [
    [
      "885:632:0",
      "64:642:1"
    ],
    [
      "908:69:0",
      "87:69:1"
    ],
    [
      "922:54:0",
      "101:54:1"
    ],
    [
      "923:20:0",
      "102:20:1"
    ],
    [
      "923:7:0",
      "102:7:1"
    ],
    [
      "945:18:0",
      "124:18:1"
    ],
    [
      "945:7:0",
      "124:7:1"
    ],
    [
      "965:10:0",
      "144:10:1"
    ],
    [
      "965:4:0",
      "144:4:1"
    ],
    [
      "983:75:0",
      "161:75:1"
    ],
    [
      "997:60:0",
      "175:60:1"
    ],
    [
      "998:21:0",
      "176:21:1"
    ],
    [
      "998:7:0",
      "176:7:1"
    ],
    [
      "1021:23:0",
      "199:23:1"
    ],
    [
      "1021:7:0",
      "199:7:1"
    ],
    [
      "1046:10:0",
      "224:10:1"
    ],
    [
      "1046:4:0",
      "224:4:1"
    ],
    [
      "1064:47:0",
      "242:52:1"
    ],
    [
      "1084:2:0",
      "262:2:1"
    ],
    [
      "1104:6:0",
      "287:6:1"
    ],
    [
      "1105:4:0",
      "288:4:1"
    ],
    [
      "1105:4:0",
      "288:4:1"
    ],
    [
      "1117:60:0",
      "299:65:1"
    ],
    [
      "1135:17:0",
      "317:17:1"
    ],
    [
      "1136:15:0",
      "318:15:1"
    ],
    [
      "1136:7:0",
      "318:7:1"
    ],
    [
      "1170:6:0",
      "357:6:1"
    ],
    [
      "1171:4:0",
      "358:4:1"
    ],
    [
      "1171:4:0",
      "358:4:1"
    ],
    [
      "1183:75:0",
      "369:80:1"
    ],
    [
      "1201:32:0",
      "387:32:1"
    ],
    [
      "1202:13:0",
      "388:13:1"
    ],
    [
      "1202:7:0",
      "388:7:1"
    ],
    [
      "1217:15:0",
      "403:15:1"
    ],
    [
      "1217:7:0",
      "403:7:1"
    ],
    [
      "1251:6:0",
      "442:6:1"
    ],
    [
      "1252:4:0",
      "443:4:1"
    ],
    [
      "1252:4:0",
      "443:4:1"
    ],
    [
      "1264:74:0",
      "455:74:1"
    ],
    [
      "1281:32:0",
      "472:32:1"
    ],
    [
      "1282:17:0",
      "473:17:1"
    ],
    [
      "1282:7:0",
      "473:7:1"
    ],
    [
      "1301:11:0",
      "492:11:1"
    ],
    [
      "1301:4:0",
      "492:4:1"
    ],
    [
      "1331:6:0",
      "522:6:1"
    ],
    [
      "1332:4:0",
      "523:4:1"
    ],
    [
      "1332:4:0",
      "523:4:1"
    ],
    [
      "1344:71:0",
      "534:71:1"
    ],
    [
      "1360:30:0",
      "550:30:1"
    ],
    [
      "1361:15:0",
      "551:15:1"
    ],
    [
      "1361:7:0",
      "551:7:1"
    ],
    [
      "1378:11:0",
      "568:11:1"
    ],
    [
      "1378:4:0",
      "568:4:1"
    ],
    [
      "1408:6:0",
      "598:6:1"
    ],
    [
      "1409:4:0",
      "599:4:1"
    ],
    [
      "1409:4:0",
      "599:4:1"
    ],
    [
      "1421:94:0",
      "610:94:1"
    ],
    [
      "1442:48:0",
      "631:48:1"
    ],
    [
      "1443:14:0",
      "632:14:1"
    ],
    [
      "1443:7:0",
      "632:7:1"
    ],
    [
      "1459:17:0",
      "648:17:1"
    ],
    [
      "1459:7:0",
      "648:7:1"
    ],
    [
      "1478:11:0",
      "667:11:1"
    ],
    [
      "1478:4:0",
      "667:4:1"
    ],
    [
      "1508:6:0",
      "697:6:1"
    ],
    [
      "1509:4:0",
      "698:4:1"
    ],
    [
      "1509:4:0",
      "698:4:1"
    ],
    [
      "1519:300:0",
      "2721:303:1"
    ],
    [
      "1542:125:0",
      "2744:126:1"
    ],
    [
      "1554:16:0",
      "2756:16:1"
    ],
    [
      "1555:6:0",
      "2757:6:1"
    ],
    [
      "1555:4:0",
      "2757:4:1"
    ],
    [
      "1563:6:0",
      "2765:6:1"
    ],
    [
      "1563:4:0",
      "2765:4:1"
    ],
    [
      "1593:6:0",
      "2795:6:1"
    ],
    [
      "1594:4:0",
      "2796:4:1"
    ],
    [
      "1594:4:0",
      "2796:4:1"
    ],
    [
      "1600:67:0",
      "2802:68:1"
    ],
    [
      "1610:28:0",
      "2812:28:1"
    ],
    [
      "1610:28:0",
      "2812:28:1"
    ],
    [
      "1610:7:0",
      "2812:7:1"
    ],
    [
      "1618:6:0",
      "2820:6:1"
    ],
    [
      "1618:1:0",
      "2820:1:1"
    ],
    [
      "1623:1:0",
      "2825:1:1"
    ],
    [
      "1626:11:0",
      "2828:11:1"
    ],
    [
      "1648:12:0",
      "2851:12:1"
    ],
    [
      "1655:5:0",
      "2858:5:1"
    ],
    [
      "1655:1:0",
      "2858:1:1"
    ],
    [
      "1659:1:0",
      "2862:1:1"
    ],
    [
      "1673:144:0",
      "2876:146:1"
    ],
    [
      "1685:16:0",
      "2888:16:1"
    ],
    [
      "1686:6:0",
      "2889:6:1"
    ],
    [
      "1686:4:0",
      "2889:4:1"
    ],
    [
      "1694:6:0",
      "2897:6:1"
    ],
    [
      "1694:4:0",
      "2897:4:1"
    ],
    [
      "1724:6:0",
      "2927:6:1"
    ],
    [
      "1725:4:0",
      "2928:4:1"
    ],
    [
      "1725:4:0",
      "2928:4:1"
    ],
    [
      "1731:86:0",
      "2934:88:1"
    ],
    [
      "1741:14:0",
      "2944:14:1"
    ],
    [
      "1741:6:0",
      "2944:6:1"
    ],
    [
      "1741:4:0",
      "2944:4:1"
    ],
    [
      "1750:5:0",
      "2953:5:1"
    ],
    [
      "1750:1:0",
      "2953:1:1"
    ],
    [
      "1754:1:0",
      "2957:1:1"
    ],
    [
      "1765:27:0",
      "2969:27:1"
    ],
    [
      "1765:27:0",
      "2969:27:1"
    ],
    [
      "1765:7:0",
      "2969:7:1"
    ],
    [
      "1773:6:0",
      "2977:6:1"
    ],
    [
      "1773:1:0",
      "2977:1:1"
    ],
    [
      "1778:1:0",
      "2982:1:1"
    ],
    [
      "1781:10:0",
      "2985:10:1"
    ],
    [
      "1802:8:0",
      "3007:8:1"
    ],
    [
      "1809:1:0",
      "3014:1:1"
    ],
    [
      "3752:11113:0",
      "708:2011:1"
    ],
    [
      "3770:6:0",
      "726:6:1"
    ],
    [
      "3770:6:0",
      "726:6:1"
    ],
    [
      "3783:24:0",
      "739:24:1"
    ],
    [
      "3789:8:0",
      "745:8:1"
    ],
    [
      "3802:4:0",
      "758:4:1"
    ],
    [
      "4663:44:0",
      "769:44:1"
    ],
    [
      "4663:6:0",
      "769:6:1"
    ],
    [
      "4693:14:0",
      "799:14:1"
    ],
    [
      "4713:38:0",
      "819:38:1"
    ],
    [
      "4713:6:0",
      "819:6:1"
    ],
    [
      "4745:6:0",
      "851:6:1"
    ],
    [
      "4757:35:0",
      "863:35:1"
    ],
    [
      "4757:5:0",
      "863:5:1"
    ],
    [
      "4790:2:0",
      "896:2:1"
    ],
    [
      "3813:81:0",
      "905:81:1"
    ],
    [
      "3827:66:0",
      "919:66:1"
    ],
    [
      "3828:26:0",
      "920:26:1"
    ],
    [
      "3828:7:0",
      "920:7:1"
    ],
    [
      "3856:23:0",
      "948:23:1"
    ],
    [
      "3856:7:0",
      "948:7:1"
    ],
    [
      "3881:11:0",
      "973:11:1"
    ],
    [
      "3881:4:0",
      "973:4:1"
    ],
    [
      "3900:70:0",
      "991:70:1"
    ],
    [
      "3914:55:0",
      "1005:55:1"
    ],
    [
      "3915:20:0",
      "1006:20:1"
    ],
    [
      "3915:7:0",
      "1006:7:1"
    ],
    [
      "3937:18:0",
      "1028:18:1"
    ],
    [
      "3937:7:0",
      "1028:7:1"
    ],
    [
      "3957:11:0",
      "1048:11:1"
    ],
    [
      "3957:4:0",
      "1048:4:1"
    ],
    [
      "4798:42:0",
      "1067:33:1"
    ],
    [
      "4846:64:0",
      "1106:56:1"
    ],
    [
      "4846:44:0",
      "1106:45:1"
    ],
    [
      "4854:7:0",
      "1114:7:1"
    ],
    [
      "4865:24:0",
      "1125:25:1"
    ],
    [
      "4873:7:0",
      "1134:7:1"
    ],
    [
      "4884:4:0",
      "1145:4:1"
    ],
    [
      "4916:26:0",
      "1169:17:1"
    ],
    [
      "4916:4:0",
      "1169:4:1"
    ],
    [
      "4949:292:0",
      "1193:114:1"
    ],
    [
      "4960:12:0",
      "1204:12:1"
    ],
    [
      "4961:10:0",
      "1205:10:1"
    ],
    [
      "4961:4:0",
      "1205:4:1"
    ],
    [
      "4980:261:0",
      "1224:83:1"
    ],
    [
      "5043:20:0",
      "1234:20:1"
    ],
    [
      "5043:20:0",
      "1234:20:1"
    ],
    [
      "5043:12:0",
      "1234:12:1"
    ],
    [
      "5058:5:0",
      "1249:5:1"
    ],
    [
      "5073:62:0",
      "1265:35:1"
    ],
    [
      "5073:62:0",
      "1265:35:1"
    ],
    [
      "5100:8:0",
      "1265:8:1"
    ],
    [
      "5110:10:0",
      "1274:10:1"
    ],
    [
      "5110:3:0",
      "1274:3:1"
    ],
    [
      "5122:12:0",
      "1288:12:1"
    ],
    [
      "5883:104:0",
      "1313:95:1"
    ],
    [
      "5919:2:0",
      "1333:2:1"
    ],
    [
      "5944:6:0",
      "1365:6:1"
    ],
    [
      "5945:4:0",
      "1366:4:1"
    ],
    [
      "5945:4:0",
      "1366:4:1"
    ],
    [
      "5951:36:0",
      "1372:36:1"
    ],
    [
      "5961:19:0",
      "1382:19:1"
    ],
    [
      "5968:12:0",
      "1389:12:1"
    ],
    [
      "6784:150:0",
      "1414:113:1"
    ],
    [
      "6818:17:0",
      "1432:17:1"
    ],
    [
      "6819:15:0",
      "1433:15:1"
    ],
    [
      "6819:7:0",
      "1433:7:1"
    ],
    [
      "6858:6:0",
      "1479:6:1"
    ],
    [
      "6859:4:0",
      "1480:4:1"
    ],
    [
      "6859:4:0",
      "1480:4:1"
    ],
    [
      "6865:69:0",
      "1486:41:1"
    ],
    [
      "6875:52:0",
      "1496:24:1"
    ],
    [
      "6882:45:0",
      "1503:17:1"
    ],
    [
      "6909:8:0",
      "1503:8:1"
    ],
    [
      "6919:7:0",
      "1512:7:1"
    ],
    [
      "9206:483:0",
      "1533:339:1"
    ],
    [
      "9239:31:0",
      "1550:31:1"
    ],
    [
      "9240:16:0",
      "1551:16:1"
    ],
    [
      "9240:7:0",
      "1551:7:1"
    ],
    [
      "9258:11:0",
      "1569:11:1"
    ],
    [
      "9258:4:0",
      "1569:4:1"
    ],
    [
      "9288:6:0",
      "1606:6:1"
    ],
    [
      "9289:4:0",
      "1607:4:1"
    ],
    [
      "9289:4:0",
      "1607:4:1"
    ],
    [
      "9295:394:0",
      "1613:259:1"
    ],
    [
      "9305:67:0",
      "1623:39:1"
    ],
    [
      "9305:67:0",
      "1623:39:1"
    ],
    [
      "9305:7:0",
      "1623:7:1"
    ],
    [
      "9313:58:0",
      "1631:30:1"
    ],
    [
      "9313:6:0",
      "1631:6:1"
    ],
    [
      "9323:48:0",
      "1641:20:1"
    ],
    [
      "9350:8:0",
      "1641:8:1"
    ],
    [
      "9360:10:0",
      "1650:10:1"
    ],
    [
      "9360:3:0",
      "1650:3:1"
    ],
    [
      "9382:110:0",
      "1673:55:1"
    ],
    [
      "9382:110:0",
      "1673:55:1"
    ],
    [
      "9409:8:0",
      "1673:8:1"
    ],
    [
      "9419:10:0",
      "1682:10:1"
    ],
    [
      "9419:3:0",
      "1682:3:1"
    ],
    [
      "9431:60:0",
      "1696:32:1"
    ],
    [
      "9431:52:0",
      "1696:24:1"
    ],
    [
      "9431:48:0",
      "1696:20:1"
    ],
    [
      "9458:8:0",
      "1696:8:1"
    ],
    [
      "9468:10:0",
      "1705:10:1"
    ],
    [
      "9468:3:0",
      "1705:3:1"
    ],
    [
      "9484:6:0",
      "1721:6:1"
    ],
    [
      "9502:106:0",
      "1738:51:1"
    ],
    [
      "9502:106:0",
      "1738:51:1"
    ],
    [
      "9529:8:0",
      "1738:8:1"
    ],
    [
      "9539:8:0",
      "1747:8:1"
    ],
    [
      "9549:58:0",
      "1759:30:1"
    ],
    [
      "9549:50:0",
      "1759:22:1"
    ],
    [
      "9549:46:0",
      "1759:18:1"
    ],
    [
      "9576:8:0",
      "1759:8:1"
    ],
    [
      "9586:8:0",
      "1768:8:1"
    ],
    [
      "9600:6:0",
      "1782:6:1"
    ],
    [
      "9618:43:0",
      "1800:43:1"
    ],
    [
      "9623:38:0",
      "1805:38:1"
    ],
    [
      "9623:8:0",
      "1805:8:1"
    ],
    [
      "9632:10:0",
      "1814:10:1"
    ],
    [
      "9632:3:0",
      "1814:3:1"
    ],
    [
      "9644:8:0",
      "1826:8:1"
    ],
    [
      "9654:6:0",
      "1836:6:1"
    ],
    [
      "9671:11:0",
      "1854:11:1"
    ],
    [
      "9678:4:0",
      "1861:4:1"
    ],
    [
      "10517:220:0",
      "1878:213:1"
    ],
    [
      "10549:31:0",
      "1894:31:1"
    ],
    [
      "10550:16:0",
      "1895:16:1"
    ],
    [
      "10550:7:0",
      "1895:7:1"
    ],
    [
      "10568:11:0",
      "1913:11:1"
    ],
    [
      "10568:4:0",
      "1913:4:1"
    ],
    [
      "10598:6:0",
      "1950:6:1"
    ],
    [
      "10599:4:0",
      "1951:4:1"
    ],
    [
      "10599:4:0",
      "1951:4:1"
    ],
    [
      "10605:132:0",
      "1957:134:1"
    ],
    [
      "10615:41:0",
      "1967:41:1"
    ],
    [
      "10615:41:0",
      "1967:41:1"
    ],
    [
      "10615:32:0",
      "1967:32:1"
    ],
    [
      "10615:22:0",
      "1967:22:1"
    ],
    [
      "10615:10:0",
      "1967:10:1"
    ],
    [
      "10626:10:0",
      "1978:10:1"
    ],
    [
      "10626:3:0",
      "1978:3:1"
    ],
    [
      "10638:8:0",
      "1990:8:1"
    ],
    [
      "10650:6:0",
      "2002:6:1"
    ],
    [
      "10666:43:0",
      "2019:43:1"
    ],
    [
      "10671:38:0",
      "2024:38:1"
    ],
    [
      "10671:8:0",
      "2024:8:1"
    ],
    [
      "10680:10:0",
      "2033:10:1"
    ],
    [
      "10680:3:0",
      "2033:3:1"
    ],
    [
      "10692:8:0",
      "2045:8:1"
    ],
    [
      "10702:6:0",
      "2055:6:1"
    ],
    [
      "10719:11:0",
      "2073:11:1"
    ],
    [
      "10726:4:0",
      "2080:4:1"
    ],
    [
      "10743:142:0",
      "2097:147:1"
    ],
    [
      "10761:33:0",
      "2115:33:1"
    ],
    [
      "10762:13:0",
      "2116:13:1"
    ],
    [
      "10762:7:0",
      "2116:7:1"
    ],
    [
      "10777:16:0",
      "2131:16:1"
    ],
    [
      "10777:7:0",
      "2131:7:1"
    ],
    [
      "10803:8:0",
      "2164:8:1"
    ],
    [
      "10827:6:0",
      "2186:6:1"
    ],
    [
      "10828:4:0",
      "2187:4:1"
    ],
    [
      "10828:4:0",
      "2187:4:1"
    ],
    [
      "10834:51:0",
      "2193:51:1"
    ],
    [
      "10844:34:0",
      "2203:34:1"
    ],
    [
      "10851:27:0",
      "2210:27:1"
    ],
    [
      "10851:17:0",
      "2210:17:1"
    ],
    [
      "10851:10:0",
      "2210:10:1"
    ],
    [
      "10862:5:0",
      "2221:5:1"
    ],
    [
      "10869:8:0",
      "2228:8:1"
    ],
    [
      "13904:611:0",
      "2250:467:1"
    ],
    [
      "13941:43:0",
      "2271:43:1"
    ],
    [
      "13942:13:0",
      "2272:13:1"
    ],
    [
      "13942:7:0",
      "2272:7:1"
    ],
    [
      "13957:13:0",
      "2287:13:1"
    ],
    [
      "13957:7:0",
      "2287:7:1"
    ],
    [
      "13972:11:0",
      "2302:11:1"
    ],
    [
      "13972:4:0",
      "2302:4:1"
    ],
    [
      "14002:6:0",
      "2339:6:1"
    ],
    [
      "14003:4:0",
      "2340:4:1"
    ],
    [
      "14003:4:0",
      "2340:4:1"
    ],
    [
      "14009:506:0",
      "2346:371:1"
    ],
    [
      "14019:62:0",
      "2356:34:1"
    ],
    [
      "14019:62:0",
      "2356:34:1"
    ],
    [
      "14019:7:0",
      "2356:7:1"
    ],
    [
      "14027:53:0",
      "2364:25:1"
    ],
    [
      "14027:6:0",
      "2364:6:1"
    ],
    [
      "14037:43:0",
      "2374:15:1"
    ],
    [
      "14064:8:0",
      "2374:8:1"
    ],
    [
      "14074:5:0",
      "2383:5:1"
    ],
    [
      "14091:48:0",
      "2400:48:1"
    ],
    [
      "14091:48:0",
      "2400:48:1"
    ],
    [
      "14091:7:0",
      "2400:7:1"
    ],
    [
      "14099:39:0",
      "2408:39:1"
    ],
    [
      "14099:6:0",
      "2408:6:1"
    ],
    [
      "14109:29:0",
      "2418:29:1"
    ],
    [
      "14109:17:0",
      "2418:17:1"
    ],
    [
      "14109:10:0",
      "2418:10:1"
    ],
    [
      "14120:5:0",
      "2429:5:1"
    ],
    [
      "14127:10:0",
      "2436:10:1"
    ],
    [
      "14127:3:0",
      "2436:3:1"
    ],
    [
      "14149:100:0",
      "2459:45:1"
    ],
    [
      "14149:100:0",
      "2459:45:1"
    ],
    [
      "14176:8:0",
      "2459:8:1"
    ],
    [
      "14186:5:0",
      "2468:5:1"
    ],
    [
      "14193:55:0",
      "2477:27:1"
    ],
    [
      "14193:47:0",
      "2477:19:1"
    ],
    [
      "14193:43:0",
      "2477:15:1"
    ],
    [
      "14220:8:0",
      "2477:8:1"
    ],
    [
      "14230:5:0",
      "2486:5:1"
    ],
    [
      "14241:6:0",
      "2497:6:1"
    ],
    [
      "14259:73:0",
      "2514:73:1"
    ],
    [
      "14259:73:0",
      "2514:73:1"
    ],
    [
      "14259:29:0",
      "2514:29:1"
    ],
    [
      "14259:17:0",
      "2514:17:1"
    ],
    [
      "14259:10:0",
      "2514:10:1"
    ],
    [
      "14270:5:0",
      "2525:5:1"
    ],
    [
      "14277:10:0",
      "2532:10:1"
    ],
    [
      "14277:3:0",
      "2532:3:1"
    ],
    [
      "14291:41:0",
      "2546:41:1"
    ],
    [
      "14291:33:0",
      "2546:33:1"
    ],
    [
      "14291:29:0",
      "2546:29:1"
    ],
    [
      "14291:17:0",
      "2546:17:1"
    ],
    [
      "14291:10:0",
      "2546:10:1"
    ],
    [
      "14302:5:0",
      "2557:5:1"
    ],
    [
      "14309:10:0",
      "2564:10:1"
    ],
    [
      "14309:3:0",
      "2564:3:1"
    ],
    [
      "14325:6:0",
      "2580:6:1"
    ],
    [
      "14342:100:0",
      "2597:45:1"
    ],
    [
      "14342:100:0",
      "2597:45:1"
    ],
    [
      "14369:8:0",
      "2597:8:1"
    ],
    [
      "14379:5:0",
      "2606:5:1"
    ],
    [
      "14386:55:0",
      "2615:27:1"
    ],
    [
      "14386:47:0",
      "2615:19:1"
    ],
    [
      "14386:43:0",
      "2615:15:1"
    ],
    [
      "14413:8:0",
      "2615:8:1"
    ],
    [
      "14423:5:0",
      "2624:5:1"
    ],
    [
      "14434:6:0",
      "2635:6:1"
    ],
    [
      "14452:35:0",
      "2653:35:1"
    ],
    [
      "14457:30:0",
      "2658:30:1"
    ],
    [
      "14457:8:0",
      "2658:8:1"
    ],
    [
      "14466:5:0",
      "2667:5:1"
    ],
    [
      "14473:5:0",
      "2674:5:1"
    ],
    [
      "14480:6:0",
      "2681:6:1"
    ],
    [
      "14497:11:0",
      "2699:11:1"
    ],
    [
      "14504:4:0",
      "2706:4:1"
    ],
    [
      "14922:2633:0",
      "89:227:0"
    ],
    [
      "14940:5:0",
      "107:5:0"
    ],
    [
      "14940:5:0",
      "107:5:0"
    ],
    [
      "15113:766:0",
      "120:43:0"
    ],
    [
      "15124:2:0",
      "131:2:0"
    ],
    [
      "15134:13:0",
      "141:13:0"
    ],
    [
      "15134:5:0",
      "141:5:0"
    ],
    [
      "15140:6:0",
      "147:6:0"
    ],
    [
      "15148:731:0",
      "155:8:0"
    ],
    [
      "16674:148:0",
      "169:144:0"
    ],
    [
      "16708:33:0",
      "187:33:0"
    ],
    [
      "16709:13:0",
      "188:13:0"
    ],
    [
      "16709:7:0",
      "188:7:0"
    ],
    [
      "16724:16:0",
      "203:16:0"
    ],
    [
      "16724:7:0",
      "203:7:0"
    ],
    [
      "16759:6:0",
      "250:6:0"
    ],
    [
      "16760:4:0",
      "251:4:0"
    ],
    [
      "16760:4:0",
      "251:4:0"
    ],
    [
      "16766:56:0",
      "257:56:0"
    ],
    [
      "16776:39:0",
      "267:39:0"
    ],
    [
      "16783:32:0",
      "274:32:0"
    ],
    [
      "16783:15:0",
      "274:15:0"
    ],
    [
      "16783:5:0",
      "274:5:0"
    ],
    [
      "16799:5:0",
      "290:5:0"
    ],
    [
      "16806:8:0",
      "297:8:0"
    ],
    [
      "16970:31:0",
      [
        "302:49:2",
        "35:48:0"
      ]
    ],
    [
      "15504:58:0",
      [
        "426:101:2",
        "35:48:0"
      ]
    ],
    [
      "16207:39:0",
      [
        "962:50:2",
        "35:48:0"
      ]
    ],
    [
      "5529:24:0",
      [
        "630:47:2",
        "35:48:0"
      ]
    ],
    [
      "6293:57:0",
      [
        "801:39:2",
        "35:48:0"
      ]
    ],
    [
      "7639:11:0",
      [
        "1133:47:2",
        "35:48:0"
      ]
    ],
    [
      "7917:107:0",
      [
        "1259:91:2",
        "35:48:0"
      ]
    ],
    [
      "8288:105:0",
      [
        "1424:75:2",
        "35:48:0"
      ]
    ],
    [
      "8652:127:0",
      [
        "1589:97:2",
        "35:48:0"
      ]
    ],
    [
      "10014:45:0",
      [
        "1830:53:2",
        "35:48:0"
      ]
    ],
    [
      "11722:11:0",
      [
        "2014:41:2",
        "35:48:0"
      ]
    ],
    [
      "12012:94:0",
      [
        "2134:73:2",
        "35:48:0"
      ]
    ],
    [
      "12379:55:0",
      [
        "2287:86:2",
        "35:48:0"
      ]
    ],
    [
      "12701:21:0",
      [
        "2449:55:2",
        "35:48:0"
      ]
    ],
    [
      "12985:95:0",
      [
        "2577:69:2",
        "35:48:0"
      ]
    ],
    [
      "13347:121:0",
      [
        "2736:85:2",
        "35:48:0"
      ]
    ]
  ],
  "otherInstrumentation": [
    "2064:233:0",
    "2356:310:0",
    "2751:144:0",
    "2742:7:0",
    "2844:6:0",
    "5073:26:0",
    "9382:26:0",
    "9502:26:0",
    "14149:26:0",
    "14342:26:0",
    "2972:37:0",
    "2963:7:0",
    "6882:26:0",
    "9323:26:0",
    "9431:26:0",
    "9549:26:0",
    "14037:26:0",
    "14193:26:0",
    "14386:26:0",
    "363:22:0",
    "482:33:0",
    "570:8:0",
    "590:113:0",
    "765:110:0",
    "17436:50:0",
    "17496:50:0",
    "15350:42:0",
    "15402:35:0",
    "15447:43:0",
    "15183:72:0",
    "15265:42:0",
    "15720:72:0",
    "15802:70:0",
    "15962:10:0",
    "16143:50:0",
    "16009:72:0",
    "16091:42:0",
    "16509:72:0",
    "16591:70:0",
    "14806:50:0",
    "3230:22:0",
    "3349:33:0",
    "3437:8:0",
    "3457:113:0",
    "3632:110:0",
    "4990:43:0",
    "5145:35:0",
    "5190:44:0",
    "5295:10:0",
    "5478:37:0",
    "5342:73:0",
    "5425:43:0",
    "5717:72:0",
    "5799:71:0",
    "6054:10:0",
    "6237:42:0",
    "6101:73:0",
    "6184:43:0",
    "6618:72:0",
    "6700:71:0",
    "7014:10:0",
    "7575:50:0",
    "7061:73:0",
    "7144:43:0",
    "9040:72:0",
    "9122:71:0",
    "9768:10:0",
    "9951:49:0",
    "9815:73:0",
    "9898:43:0",
    "10351:72:0",
    "10433:71:0",
    "10981:10:0",
    "11650:58:0",
    "11028:73:0",
    "11111:43:0",
    "13738:72:0",
    "13820:71:0",
    "15158:15:0",
    "15984:15:0",
    "5317:15:0",
    "6076:15:0",
    "7036:15:0",
    "9790:15:0",
    "11003:15:0"
  ],
  "propertyMap": [
    {
      "id": 1,
      "contract": "Token",
      "filename": "test/multifile_samples/erc20_macro_inheritance/child.sol",
      "propertySource": [
        "312:38:2",
        "35:48:0"
      ],
      "annotationSource": [
        "302:49:2",
        "35:48:0"
      ],
      "annotationText": "#invariant unchecked_sum(balances) == totalSupply",
      "target": "contract",
      "type": "invariant",
      "targetName": "Token",
      "debugEventEncoding": [
        [
          "_totalSupply",
          [
            "339:11:2"
          ],
          "uint256"
        ]
      ],
      "message": "The sum of balances is always equal to the total supply",
      "instrumentationRanges": [
        "17017:76:0",
        "17107:121:0",
        "16966:300:0"
      ],
      "checkRanges": [
        "16970:31:0"
      ],
      "assertionRanges": [
        "17017:76:0",
        "17107:121:0",
        "17242:13:0"
      ]
    },
    {
      "id": 2,
      "contract": "Token",
      "filename": "test/multifile_samples/erc20_macro_inheritance/child.sol",
      "propertySource": [
        "438:88:2",
        "35:48:0"
      ],
      "annotationSource": [
        "426:101:2",
        "35:48:0"
      ],
      "annotationText": "#if_succeeds unchecked_sum(balances) == old(unchecked_sum(balances)) || msg.sig == bytes4(0x00000000)",
      "target": "contract",
      "type": "if_succeeds",
      "targetName": "Token",
      "debugEventEncoding": [],
      "message": "The token has a fixed supply.",
      "instrumentationRanges": [
        "15317:23:0",
        "15578:95:0",
        "15500:211:0"
      ],
      "checkRanges": [
        "15504:58:0"
      ],
      "assertionRanges": [
        "15578:95:0",
        "15687:13:0"
      ]
    },
    {
      "id": 5,
      "contract": "Token",
      "filename": "test/multifile_samples/erc20_macro_inheritance/child.sol",
      "propertySource": [
        "974:37:2",
        "35:48:0"
      ],
      "annotationSource": [
        "962:50:2",
        "35:48:0"
      ],
      "annotationText": "#if_succeeds $result == allowances[owner][spender]",
      "target": "function",
      "type": "if_succeeds",
      "targetName": "allowance",
      "debugEventEncoding": [
        [
          "owner",
          [
            "996:5:2"
          ],
          "address"
        ],
        [
          "delegate",
          [
            "1003:7:2"
          ],
          "address"
        ]
      ],
      "message": "Returns spenders allowance for this owner",
      "instrumentationRanges": [
        "16262:79:0",
        "16355:107:0",
        "16203:297:0"
      ],
      "checkRanges": [
        "16207:39:0"
      ],
      "assertionRanges": [
        "16262:79:0",
        "16355:107:0",
        "16476:13:0"
      ]
    },
    {
      "id": 3,
      "contract": "ERC20",
      "filename": "test/multifile_samples/erc20_macro_inheritance/child.sol",
      "propertySource": [
        "642:34:2",
        "35:48:0"
      ],
      "annotationSource": [
        "630:47:2",
        "35:48:0"
      ],
      "annotationText": "#if_succeeds $result == unchecked_sum(balances)",
      "target": "function",
      "type": "if_succeeds",
      "targetName": "totalSupply",
      "debugEventEncoding": [],
      "message": "Result is equal to sum of balances",
      "instrumentationRanges": [
        "5569:101:0",
        "5525:183:0"
      ],
      "checkRanges": [
        "5529:24:0"
      ],
      "assertionRanges": [
        "5569:101:0",
        "5684:13:0"
      ]
    },
    {
      "id": 4,
      "contract": "ERC20",
      "filename": "test/multifile_samples/erc20_macro_inheritance/child.sol",
      "propertySource": [
        "813:26:2",
        "35:48:0"
      ],
      "annotationSource": [
        "801:39:2",
        "35:48:0"
      ],
      "annotationText": "#if_succeeds $result == balances[owner]",
      "target": "function",
      "type": "if_succeeds",
      "targetName": "balanceOf",
      "debugEventEncoding": [
        [
          "account",
          [
            "833:5:2"
          ],
          "address"
        ]
      ],
      "message": "Returns the balance of owner in the balances mapping",
      "instrumentationRanges": [
        "6366:72:0",
        "6452:119:0",
        "6289:320:0"
      ],
      "checkRanges": [
        "6293:57:0"
      ],
      "assertionRanges": [
        "6366:72:0",
        "6452:119:0",
        "6585:13:0"
      ]
    },
    {
      "id": 6,
      "contract": "ERC20",
      "filename": "test/multifile_samples/erc20_macro_inheritance/child.sol",
      "propertySource": [
        "1145:34:2",
        "35:48:0"
      ],
      "annotationSource": [
        "1133:47:2",
        "35:48:0"
      ],
      "annotationText": "#if_succeeds old(balances[msg.sender] >= value)",
      "target": "function",
      "type": "if_succeeds",
      "targetName": "transfer",
      "debugEventEncoding": [
        [
          "amount",
          [
            "1173:5:2"
          ],
          "uint256"
        ]
      ],
      "message": "The sender has sufficient balance at the start",
      "instrumentationRanges": [
        "7197:17:0",
        "7224:69:0",
        "7666:73:0",
        "7753:113:0",
        "7635:269:0"
      ],
      "checkRanges": [
        "7639:11:0"
      ],
      "assertionRanges": [
        "7666:73:0",
        "7753:113:0",
        "7880:13:0"
      ]
    },
    {
      "id": 7,
      "contract": "ERC20",
      "filename": "test/multifile_samples/erc20_macro_inheritance/child.sol",
      "propertySource": [
        "1271:78:2",
        "35:48:0"
      ],
      "annotationSource": [
        "1259:91:2",
        "35:48:0"
      ],
      "annotationText": "#if_succeeds msg.sender != to ==> old(balances[msg.sender]) - value == balances[msg.sender]",
      "target": "function",
      "type": "if_succeeds",
      "targetName": "transfer",
      "debugEventEncoding": [
        [
          "receiver",
          [
            "1285:2:2"
          ],
          "address"
        ],
        [
          "amount",
          [
            "1320:5:2"
          ],
          "uint256"
        ]
      ],
      "message": "The sender has value less balance",
      "instrumentationRanges": [
        "7303:59:0",
        "8040:83:0",
        "8137:100:0",
        "7913:362:0"
      ],
      "checkRanges": [
        "7917:107:0"
      ],
      "assertionRanges": [
        "8040:83:0",
        "8137:100:0",
        "8251:13:0"
      ]
    },
    {
      "id": 8,
      "contract": "ERC20",
      "filename": "test/multifile_samples/erc20_macro_inheritance/child.sol",
      "propertySource": [
        "1436:62:2",
        "35:48:0"
      ],
      "annotationSource": [
        "1424:75:2",
        "35:48:0"
      ],
      "annotationText": "#if_succeeds msg.sender != to ==> old(balances[to]) + value == balances[to]",
      "target": "function",
      "type": "if_succeeds",
      "targetName": "transfer",
      "debugEventEncoding": [
        [
          "receiver",
          [
            "1450:2:2",
            "1470:2:2",
            "1495:2:2"
          ],
          "address"
        ],
        [
          "amount",
          [
            "1477:5:2"
          ],
          "uint256"
        ]
      ],
      "message": "The receiver receives _value",
      "instrumentationRanges": [
        "7372:57:0",
        "8409:83:0",
        "8506:95:0",
        "8284:355:0"
      ],
      "checkRanges": [
        "8288:105:0"
      ],
      "assertionRanges": [
        "8409:83:0",
        "8506:95:0",
        "8615:13:0"
      ]
    },
    {
      "id": 9,
      "contract": "ERC20",
      "filename": "test/multifile_samples/erc20_macro_inheritance/child.sol",
      "propertySource": [
        "1601:84:2",
        "35:48:0"
      ],
      "annotationSource": [
        "1589:97:2",
        "35:48:0"
      ],
      "annotationText": "#if_succeeds old(balances[to]) + old(balances[msg.sender]) == balances[to] + balances[msg.sender]",
      "target": "function",
      "type": "if_succeeds",
      "targetName": "transfer",
      "debugEventEncoding": [
        [
          "receiver",
          [
            "1614:2:2",
            "1659:2:2"
          ],
          "address"
        ]
      ],
      "message": "Transfer does not modify the sum of balances",
      "instrumentationRanges": [
        "7439:57:0",
        "7506:59:0",
        "8795:73:0",
        "8882:111:0",
        "8648:383:0"
      ],
      "checkRanges": [
        "8652:127:0"
      ],
      "assertionRanges": [
        "8795:73:0",
        "8882:111:0",
        "9007:13:0"
      ]
    },
    {
      "id": 10,
      "contract": "ERC20",
      "filename": "test/multifile_samples/erc20_macro_inheritance/child.sol",
      "propertySource": [
        "1842:40:2",
        "35:48:0"
      ],
      "annotationSource": [
        "1830:53:2",
        "35:48:0"
      ],
      "annotationText": "#if_succeeds allowances[msg.sender][spender] == value",
      "target": "function",
      "type": "if_succeeds",
      "targetName": "approve",
      "debugEventEncoding": [
        [
          "delegate",
          [
            "1865:7:2"
          ],
          "address"
        ],
        [
          "amount",
          [
            "1877:5:2"
          ],
          "uint256"
        ]
      ],
      "message": "spender will have an allowance of value for this sender's balance",
      "instrumentationRanges": [
        "10075:82:0",
        "10171:133:0",
        "10010:332:0"
      ],
      "checkRanges": [
        "10014:45:0"
      ],
      "assertionRanges": [
        "10075:82:0",
        "10171:133:0",
        "10318:13:0"
      ]
    },
    {
      "id": 11,
      "contract": "ERC20",
      "filename": "test/multifile_samples/erc20_macro_inheritance/child.sol",
      "propertySource": [
        "2026:28:2",
        "35:48:0"
      ],
      "annotationSource": [
        "2014:41:2",
        "35:48:0"
      ],
      "annotationText": "#if_succeeds old(balances[from] >= value)",
      "target": "function",
      "type": "if_succeeds",
      "targetName": "transferFrom",
      "debugEventEncoding": [
        [
          "owner",
          [
            "2039:4:2"
          ],
          "address"
        ],
        [
          "amount",
          [
            "2048:5:2"
          ],
          "uint256"
        ]
      ],
      "message": "The sender has sufficient balance at the start",
      "instrumentationRanges": [
        "11164:16:0",
        "11190:17:0",
        "11217:64:0",
        "11749:84:0",
        "11847:114:0",
        "11718:281:0"
      ],
      "checkRanges": [
        "11722:11:0"
      ],
      "assertionRanges": [
        "11749:84:0",
        "11847:114:0",
        "11975:13:0"
      ]
    },
    {
      "id": 12,
      "contract": "ERC20",
      "filename": "test/multifile_samples/erc20_macro_inheritance/child.sol",
      "propertySource": [
        "2146:60:2",
        "35:48:0"
      ],
      "annotationSource": [
        "2134:73:2",
        "35:48:0"
      ],
      "annotationText": "#if_succeeds from != to ==> old(balances[from]) - value == balances[from]",
      "target": "function",
      "type": "if_succeeds",
      "targetName": "transferFrom",
      "debugEventEncoding": [
        [
          "owner",
          [
            "2146:4:2",
            "2174:4:2",
            "2201:4:2"
          ],
          "address"
        ],
        [
          "buyer",
          [
            "2154:2:2"
          ],
          "address"
        ],
        [
          "amount",
          [
            "2183:5:2"
          ],
          "uint256"
        ]
      ],
      "message": "The sender has value less balance",
      "instrumentationRanges": [
        "11291:54:0",
        "12122:91:0",
        "12227:101:0",
        "12008:358:0"
      ],
      "checkRanges": [
        "12012:94:0"
      ],
      "assertionRanges": [
        "12122:91:0",
        "12227:101:0",
        "12342:13:0"
      ]
    },
    {
      "id": 13,
      "contract": "ERC20",
      "filename": "test/multifile_samples/erc20_macro_inheritance/child.sol",
      "propertySource": [
        "2299:73:2",
        "35:48:0"
      ],
      "annotationSource": [
        "2287:86:2",
        "35:48:0"
      ],
      "annotationText": "#if_succeeds old(allowances[from][msg.sender]) - value == allowances[from][msg.sender]",
      "target": "function",
      "type": "if_succeeds",
      "targetName": "transferFrom",
      "debugEventEncoding": [
        [
          "owner",
          [
            "2314:4:2",
            "2355:4:2"
          ],
          "address"
        ],
        [
          "amount",
          [
            "2335:5:2"
          ],
          "uint256"
        ]
      ],
      "message": "The actor has value less allowance",
      "instrumentationRanges": [
        "11355:40:0",
        "12450:84:0",
        "12548:102:0",
        "12375:313:0"
      ],
      "checkRanges": [
        "12379:55:0"
      ],
      "assertionRanges": [
        "12450:84:0",
        "12548:102:0",
        "12664:13:0"
      ]
    },
    {
      "id": 14,
      "contract": "ERC20",
      "filename": "test/multifile_samples/erc20_macro_inheritance/child.sol",
      "propertySource": [
        "2461:42:2",
        "35:48:0"
      ],
      "annotationSource": [
        "2449:55:2",
        "35:48:0"
      ],
      "annotationText": "#if_succeeds old(allowances[from][msg.sender]) >= value",
      "target": "function",
      "type": "if_succeeds",
      "targetName": "transferFrom",
      "debugEventEncoding": [
        [
          "owner",
          [
            "2476:4:2"
          ],
          "address"
        ],
        [
          "amount",
          [
            "2498:5:2"
          ],
          "uint256"
        ]
      ],
      "message": "The actor has enough allowance",
      "instrumentationRanges": [
        "11405:40:0",
        "12738:84:0",
        "12836:98:0",
        "12697:275:0"
      ],
      "checkRanges": [
        "12701:21:0"
      ],
      "assertionRanges": [
        "12738:84:0",
        "12836:98:0",
        "12948:13:0"
      ]
    },
    {
      "id": 15,
      "contract": "ERC20",
      "filename": "test/multifile_samples/erc20_macro_inheritance/child.sol",
      "propertySource": [
        "2589:56:2",
        "35:48:0"
      ],
      "annotationSource": [
        "2577:69:2",
        "35:48:0"
      ],
      "annotationText": "#if_succeeds from != to ==> old(balances[to]) + value == balances[to]",
      "target": "function",
      "type": "if_succeeds",
      "targetName": "transferFrom",
      "debugEventEncoding": [
        [
          "owner",
          [
            "2589:4:2"
          ],
          "address"
        ],
        [
          "buyer",
          [
            "2597:2:2",
            "2617:2:2",
            "2642:2:2"
          ],
          "address"
        ],
        [
          "amount",
          [
            "2624:5:2"
          ],
          "uint256"
        ]
      ],
      "message": "The receiver receives value",
      "instrumentationRanges": [
        "11455:55:0",
        "13096:91:0",
        "13201:95:0",
        "12981:353:0"
      ],
      "checkRanges": [
        "12985:95:0"
      ],
      "assertionRanges": [
        "13096:91:0",
        "13201:95:0",
        "13310:13:0"
      ]
    },
    {
      "id": 16,
      "contract": "ERC20",
      "filename": "test/multifile_samples/erc20_macro_inheritance/child.sol",
      "propertySource": [
        "2748:72:2",
        "35:48:0"
      ],
      "annotationSource": [
        "2736:85:2",
        "35:48:0"
      ],
      "annotationText": "#if_succeeds old(balances[to]) + old(balances[from]) == balances[to] + balances[from]",
      "target": "function",
      "type": "if_succeeds",
      "targetName": "transferFrom",
      "debugEventEncoding": [
        [
          "buyer",
          [
            "2761:2:2",
            "2800:2:2"
          ],
          "address"
        ],
        [
          "owner",
          [
            "2781:4:2",
            "2815:4:2"
          ],
          "address"
        ]
      ],
      "message": "Transfer does not modify the sum of balances",
      "instrumentationRanges": [
        "11520:55:0",
        "11585:55:0",
        "13484:81:0",
        "13579:112:0",
        "13343:386:0"
      ],
      "checkRanges": [
        "13347:121:0"
      ],
      "assertionRanges": [
        "13484:81:0",
        "13579:112:0",
        "13705:13:0"
      ]
    }
  ],
  "originalSourceList": [
    "test/multifile_samples/erc20_macro_inheritance/child.sol",
    "test/multifile_samples/erc20_macro_inheritance/erc20_base.sol",
    "dist/stdlib/erc20.scribble.yaml"
  ],
  "instrSourceList": [
    "--"
  ],
  "scribbleVersion": "0.7.0"
}
