{
  "instrToOriginalMap": [
    [
      "66:19:0",
      "0:19:0"
    ],
    [
      "66:4:0",
      "0:4:0"
    ],
    [
      "84:1:0",
      "18:1:0"
    ],
    [
      "24:40:0",
      "22:40:0"
    ],
    [
      "43:6:0",
      "41:6:0"
    ],
    [
      "43:4:0",
      "41:4:0"
    ],
    [
      "55:6:0",
      "53:6:0"
    ],
    [
      "55:4:0",
      "53:4:0"
    ],
    [
      "88:74:0",
      "64:74:0"
    ],
    [
      "100:16:0",
      "76:16:0"
    ],
    [
      "101:14:0",
      "77:14:0"
    ],
    [
      "101:5:0",
      "77:5:0"
    ],
    [
      "101:5:0",
      "77:5:0"
    ],
    [
      "130:6:0",
      "106:6:0"
    ],
    [
      "131:4:0",
      "107:4:0"
    ],
    [
      "131:4:0",
      "107:4:0"
    ],
    [
      "137:25:0",
      "113:25:0"
    ],
    [
      "143:16:0",
      "119:16:0"
    ],
    [
      "150:9:0",
      "126:9:0"
    ],
    [
      "150:3:0",
      "126:3:0"
    ],
    [
      "150:1:0",
      "126:1:0"
    ],
    [
      "156:3:0",
      "132:3:0"
    ],
    [
      "156:1:0",
      "132:1:0"
    ],
    [
      "320:2987:0",
      "68:278:1"
    ],
    [
      "666:17:0",
      "124:8:1"
    ],
    [
      "666:4:0",
      "124:4:1"
    ],
    [
      "1280:846:0",
      "169:175:1"
    ],
    [
      "1308:17:0",
      "182:17:1"
    ],
    [
      "1309:15:0",
      "183:15:1"
    ],
    [
      "1309:6:0",
      "183:6:1"
    ],
    [
      "1309:4:0",
      "183:4:1"
    ],
    [
      "1334:792:0",
      "207:137:1"
    ],
    [
      "1780:340:0",
      "259:82:1"
    ],
    [
      "1785:10:0",
      "264:10:1"
    ],
    [
      "1785:6:0",
      "264:6:1"
    ],
    [
      "1785:4:0",
      "264:4:1"
    ],
    [
      "1794:1:0",
      "273:1:1"
    ],
    [
      "1797:12:0",
      "276:12:1"
    ],
    [
      "1797:1:0",
      "276:1:1"
    ],
    [
      "1801:8:0",
      "280:8:1"
    ],
    [
      "1801:1:0",
      "280:1:1"
    ],
    [
      "1811:3:0",
      "290:3:1"
    ],
    [
      "1811:3:0",
      "290:3:1"
    ],
    [
      "1811:1:0",
      "290:1:1"
    ],
    [
      "1816:304:0",
      "295:46:1"
    ],
    [
      "2075:34:0",
      "325:11:1"
    ],
    [
      "2075:34:0",
      "325:11:1"
    ],
    [
      "2104:4:0",
      "332:4:1"
    ],
    [
      "2104:1:0",
      "332:1:1"
    ],
    [
      "2106:1:0",
      "334:1:1"
    ],
    [
      "3309:1631:0",
      "136:268:2"
    ],
    [
      "3355:4:0",
      "154:6:2"
    ],
    [
      "3355:4:0",
      "154:6:2"
    ],
    [
      "3803:560:0",
      "167:235:2"
    ],
    [
      "3833:8:0",
      "181:8:2"
    ],
    [
      "3834:6:0",
      "182:6:2"
    ],
    [
      "3834:4:0",
      "182:4:2"
    ],
    [
      "3850:513:0",
      "197:205:2"
    ],
    [
      "4128:3:0",
      "283:3:2"
    ],
    [
      "4128:3:0",
      "283:3:2"
    ],
    [
      "4128:1:0",
      "283:1:2"
    ],
    [
      "4141:14:0",
      "297:16:2"
    ],
    [
      "4141:14:0",
      "297:16:2"
    ],
    [
      "4141:5:0",
      "297:7:2"
    ],
    [
      "4141:5:0",
      "297:7:2"
    ],
    [
      "4165:7:0",
      "323:7:2"
    ],
    [
      "4165:7:0",
      "323:7:2"
    ],
    [
      "4165:3:0",
      "323:3:2"
    ],
    [
      "4165:1:0",
      "323:1:2"
    ],
    [
      "4171:1:0",
      "329:1:2"
    ],
    [
      "4182:7:0",
      "340:7:2"
    ],
    [
      "4182:7:0",
      "340:7:2"
    ],
    [
      "4182:3:0",
      "340:3:2"
    ],
    [
      "4182:1:0",
      "340:1:2"
    ],
    [
      "4188:1:0",
      "346:1:2"
    ],
    [
      "4353:3:0",
      "392:3:2"
    ],
    [
      "4353:3:0",
      "392:3:2"
    ],
    [
      "4353:1:0",
      "392:1:2"
    ],
    [
      "2297:12:0",
      "47:20:1"
    ],
    [
      "937:16:0",
      "141:26:1"
    ],
    [
      "1587:14:0",
      "216:39:1"
    ],
    [
      "1862:11:0",
      "305:16:1"
    ],
    [
      "3888:65:0",
      "212:62:2"
    ],
    [
      "4227:14:0",
      "362:21:2"
    ],
    [
      "3102:29:0",
      "90:32:1"
    ]
  ],
  "otherInstrumentation": [
    "251:38:0",
    "2635:49:0",
    "2721:34:0",
    "2765:35:0",
    "2810:33:0",
    "877:22:0",
    "763:60:0",
    "833:34:0",
    "1125:72:0",
    "1207:60:0",
    "4663:50:0",
    "4723:49:0",
    "4809:34:0",
    "4853:35:0",
    "4898:33:0",
    "3614:24:0",
    "3500:60:0",
    "3570:34:0",
    "3648:72:0",
    "3730:60:0",
    "2940:365:0",
    "3033:11:0",
    "2926:12:0",
    "3054:10:0",
    "2075:34:0",
    "738:15:0",
    "3475:15:0",
    "1344:15:0",
    "2950:15:0"
  ],
  "propertyMap": [
    {
      "id": 0,
      "contract": "Base",
      "filename": "test/multifile_samples/asserts/B.sol",
      "propertySource": "57:9:1",
      "annotationSource": "47:20:1",
      "target": "contract",
      "targetName": "Base",
      "debugEventEncoding": [
        [
          [
            "57:3:0"
          ],
          "uint256"
        ]
      ],
      "message": "",
      "instrumentationRanges": [
        "2374:44:0",
        "2329:27:0",
        "2293:171:0"
      ],
      "checkRanges": [
        "2297:12:0"
      ],
      "assertionRanges": [
        "2329:27:0",
        "2374:44:0",
        "2436:13:0"
      ]
    },
    {
      "id": 1,
      "contract": "Base",
      "filename": "test/multifile_samples/asserts/B.sol",
      "propertySource": "101:20:1",
      "annotationSource": "90:32:1",
      "target": "variable",
      "targetName": "sum",
      "debugEventEncoding": [
        [
          [
            "101:3:0",
            "111:3:0"
          ],
          "uint256"
        ],
        [
          [
            "118:1:0"
          ],
          "uint256"
        ]
      ],
      "message": "",
      "instrumentationRanges": [
        "2999:14:0",
        "3196:47:0",
        "3151:27:0",
        "3098:191:0"
      ],
      "checkRanges": [
        "3102:29:0"
      ],
      "assertionRanges": [
        "3151:27:0",
        "3196:47:0",
        "3261:13:0"
      ]
    },
    {
      "id": 2,
      "contract": "Base",
      "filename": "test/multifile_samples/asserts/B.sol",
      "propertySource": "153:13:1",
      "annotationSource": "141:26:1",
      "target": "function",
      "targetName": "main",
      "debugEventEncoding": [
        [
          [
            "153:1:0"
          ],
          "uint256[] memory"
        ]
      ],
      "message": "",
      "instrumentationRanges": [
        "1018:42:0",
        "973:27:0",
        "933:173:0"
      ],
      "checkRanges": [
        "937:16:0"
      ],
      "assertionRanges": [
        "973:27:0",
        "1018:42:0",
        "1078:13:0"
      ]
    },
    {
      "id": 3,
      "contract": "Base",
      "filename": "test/multifile_samples/asserts/B.sol",
      "propertySource": "223:31:1",
      "annotationSource": "216:39:1",
      "target": "statement",
      "targetName": "",
      "debugEventEncoding": [
        [
          [
            "241:1:0",
            "244:1:0"
          ],
          "uint256[] memory"
        ],
        [
          [
            "246:1:0"
          ],
          "uint256"
        ]
      ],
      "message": "",
      "instrumentationRanges": [
        "1393:18:0",
        "1425:145:0",
        "1486:28:0",
        "1532:23:0",
        "1666:49:0",
        "1621:27:0",
        "1583:178:0"
      ],
      "checkRanges": [
        "1587:14:0"
      ],
      "assertionRanges": [
        "1621:27:0",
        "1666:49:0",
        "1733:13:0"
      ]
    },
    {
      "id": 4,
      "contract": "Base",
      "filename": "test/multifile_samples/asserts/B.sol",
      "propertySource": "312:8:1",
      "annotationSource": "305:16:1",
      "target": "statement",
      "targetName": "",
      "debugEventEncoding": [
        [
          [
            "312:1:0"
          ],
          "uint256[] memory"
        ],
        [
          [
            "314:1:0"
          ],
          "uint256"
        ],
        [
          [
            "319:1:0"
          ],
          "uint256"
        ]
      ],
      "message": "",
      "instrumentationRanges": [
        "1946:48:0",
        "1897:27:0",
        "1858:190:0"
      ],
      "checkRanges": [
        "1862:11:0"
      ],
      "assertionRanges": [
        "1897:27:0",
        "1946:48:0",
        "2016:13:0"
      ]
    },
    {
      "id": 5,
      "contract": "Child",
      "filename": "test/multifile_samples/asserts/C.sol",
      "propertySource": "219:54:2",
      "annotationSource": "212:62:2",
      "target": "statement",
      "targetName": "",
      "debugEventEncoding": [
        [
          [
            "219:2:0",
            "230:2:0"
          ],
          "uint256"
        ],
        [
          [
            "265:1:0"
          ],
          "uint256"
        ]
      ],
      "message": "",
      "instrumentationRanges": [
        "4018:45:0",
        "3973:27:0",
        "3884:225:0"
      ],
      "checkRanges": [
        "3888:65:0"
      ],
      "assertionRanges": [
        "3973:27:0",
        "4018:45:0",
        "4081:13:0"
      ]
    },
    {
      "id": 6,
      "contract": "Child",
      "filename": "test/multifile_samples/asserts/C.sol",
      "propertySource": "369:13:2",
      "annotationSource": "362:21:2",
      "target": "statement",
      "targetName": "",
      "debugEventEncoding": [],
      "message": "",
      "instrumentationRanges": [
        "4261:27:0",
        "4223:111:0"
      ],
      "checkRanges": [
        "4227:14:0"
      ],
      "assertionRanges": [
        "4261:27:0",
        "4306:13:0"
      ]
    }
  ],
  "originalSourceList": [
    "test/multifile_samples/asserts/A.sol",
    "test/multifile_samples/asserts/B.sol",
    "test/multifile_samples/asserts/C.sol"
  ],
  "instrSourceList": [
    "--"
  ]
}
